// Jest Snapshot v1, https://goo.gl/fbAQLP

exports[`renders without crashing 1`] = `
<div
  class="pui-footer Footer__Container-hx8agb-0 jKXVoU"
>
  <div
    class="Box-sc-1ayjt33-0 PageWrap-j7u0ds-0 koPitZ"
  >
    <div
      class="Box-sc-1ayjt33-0 Flex-sc-1kg4q90-0 Footer__Inner-hx8agb-1 giiVdw"
    >
      <span
        class="pui-footer-text"
      >
        Â© 
        2019
         
        Polymath
      </span>
      <ul
        class="pui-footer-links Footer__Links-hx8agb-2 fjOXNy"
      >
        <li>
          <a
            href="https://polymath.network/termsofservice.html"
            rel="noopener noreferrer"
            target="_blank"
          >
            Terms Of Service
          </a>
        </li>
        <li>
          <a
            href="https://polymath.network/privacypolicy.html"
            rel="noopener noreferrer"
            target="_blank"
          >
            Privacy Policy
          </a>
        </li>
      </ul>
    </div>
  </div>
</div>
`;
