// Jest Snapshot v1, https://goo.gl/fbAQLP

exports[`renders without crashing 1`] = `
.c0 {
  box-sizing: border-box;
  display: grid;
  grid-gap: 20px;
  grid-auto-flow: column;
  grid-auto-columns: 1fr;
  -webkit-align-items: end;
  -webkit-box-align: end;
  -ms-flex-align: end;
  align-items: end;
}

<div
  className="c0"
>
  <div>
    First block
  </div>
  <div>
    Second block
  </div>
</div>
`;
