// Jest Snapshot v1, https://goo.gl/fbAQLP

exports[`renders without crashing 1`] = `
<p
  className="sc-bdVaJa hROhaZ"
  fontSize="baseText"
>
  This is a box.
</p>
`;
