// Jest Snapshot v1, https://goo.gl/fbAQLP

exports[`Reducer: dataRequests initialState 1`] = `
Object {
  "getCheckpointBySymbolAndId": Object {},
  "getCheckpointsBySymbol": Object {},
  "getDividendBySymbolAndId": Object {},
  "getDividendsByCheckpoint": Object {},
  "getErc20BalanceByAddressAndWallet": Object {},
  "getErc20DividendsModuleBySymbol": Object {},
  "getSecurityTokenBySymbol": Object {},
  "getTaxWithholdingListBySymbol": Object {},
}
`;
