// Jest Snapshot v1, https://goo.gl/fbAQLP

exports[`Reducer: session initialState 1`] = `Object {}`;
