// Jest Snapshot v1, https://goo.gl/fbAQLP

exports[`renders without crashing 1`] = `
<h2
  className="sc-bwzfXH biahSi"
>
  This is a box.
</h2>
`;
