// Jest Snapshot v1, https://goo.gl/fbAQLP

exports[`renders without crashing 1`] = `
<h2
  class="Paragraph-sc-1ehtinw-0 Heading-sc-10pyzom-0 hVpnIj"
>
  This is a Heading.
</h2>
`;
