// Jest Snapshot v1, https://goo.gl/fbAQLP

exports[`renders without crashing 1`] = `
<span
  currentitem="false"
  data-for="TooltipChild"
  data-tip="true"
  data-tip-disable="true"
>
  This is a Tooltip.
</span>
`;
