// Jest Snapshot v1, https://goo.gl/fbAQLP

exports[`renders without crashing 1`] = `
Array [
  <div
    className="bx--form-item bx--checkbox-wrapper"
  >
    <input
      checked={undefined}
      className="bx--checkbox"
      id="1"
      meta={Object {}}
      name="1"
      onChange={[Function]}
      type="checkbox"
    />
    <label
      className="bx--checkbox-label"
      htmlFor="1"
    >
      <span
        className=""
      >
        1
      </span>
    </label>
  </div>,
  <div
    className="bx--form-item"
  >
    <div
      className="bx--radio-button-group"
      disabled={undefined}
    >
      <div
        className="radioButtonWrapper"
      >
        <input
          checked={true}
          className="bx--radio-button"
          id="4-0"
          name="4"
          onChange={[Function]}
          type="radio"
          value="0"
        />
        <label
          className="bx--radio-button__label"
          htmlFor="4-0"
        >
          <span
            className="bx--radio-button__appearance"
          />
          Divisible
        </label>
      </div>
      <div
        className="radioButtonWrapper"
      >
        <input
          checked={false}
          className="bx--radio-button"
          id="4-1"
          name="4"
          onChange={[Function]}
          type="radio"
          value="1"
        />
        <label
          className="bx--radio-button__label"
          htmlFor="4-1"
        >
          <span
            className="bx--radio-button__appearance"
          />
          Indivisible
        </label>
      </div>
    </div>
  </div>,
  <selectInput
    input={
      Object {
        "name": "5",
      }
    }
    meta={Object {}}
  />,
  <div
    className="bx--form-item"
  >
    <label
      className="bx--label"
      htmlFor="6"
    >
      6
    </label>
    <textarea
      className="bx--text-area"
      cols={50}
      disabled={false}
      id="6"
      name="6"
      onChange={[Function]}
      onClick={[Function]}
      placeholder=""
      rows={4}
    />
  </div>,
  <div
    className="bx--form-item"
  >
    <label
      className="bx--label"
      htmlFor="7"
    >
      7
    </label>
    <input
      className="bx--text-input bx--text__input"
      disabled={false}
      id="7"
      name="7"
      onChange={[Function]}
      onClick={[Function]}
      placeholder={undefined}
      type="text"
    />
  </div>,
  <div
    className="bx--form-item"
  >
    <div
      className="bx--time-picker"
    >
      <div
        className="bx--time-picker__input"
      >
        <input
          className="bx--time-picker__input-field"
          data-invalid={undefined}
          disabled={false}
          id="8"
          maxLength={5}
          name="8"
          onBlur={[Function]}
          onChange={[Function]}
          onClick={[Function]}
          pattern="(1[012]|[1-9]):[0-5][0-9](\\\\s)?(?i)"
          placeholder="hh:mm"
          type="text"
          value=""
        />
      </div>
      <div
        className="bx--select bx--time-picker__select bx--select--inline"
      >
        <label
          className="bx--label bx--visually-hidden"
          htmlFor="8-select"
        >
          Choose AM or PM
        </label>
        <select
          className="bx--select-input"
          disabled={false}
          id="8-select"
          onChange={[Function]}
          value="AM"
        >
          <option
            className="bx--select-option"
            disabled={false}
            hidden={false}
            value="AM"
          >
            AM
          </option>
          <option
            className="bx--select-option"
            disabled={false}
            hidden={false}
            value="PM"
          >
            PM
          </option>
        </select>
        <svg
          alt="open list of options"
          aria-label="open list of options"
          className="bx--select__arrow"
          fill={undefined}
          fillRule="evenodd"
          height="5"
          name="caret--down"
          role="img"
          style={undefined}
          viewBox="0 0 10 5"
          width="10"
        >
          <title>
            open list of options
          </title>
          <path
            d="M10 0L5 5 0 0z"
          />
        </svg>
      </div>
    </div>
  </div>,
]
`;
