// Jest Snapshot v1, https://goo.gl/fbAQLP

exports[`Partial Transfer Table should render correctly 1`] = `
<div>
  <PartialTransferModal
    handleClose={[Function]}
    isOpen={false}
  />
  <DataTable
    filterRows={[Function]}
    headers={
      Array [
        Object {
          "Cell": [Function],
          "header": "Wallet Address",
          "key": "address",
          "width": 250,
        },
      ]
    }
    locale="en"
    render={[Function]}
    rows={
      Array [
        Object {
          "address": "-",
          "id": "0",
        },
      ]
    }
    sortRow={[Function]}
    translateWithId={[Function]}
  />
</div>
`;
